/new-sources/aac-ffmpeg-499b5f5f92f73e5b0e6108242983695fcb6409e2.tar.gz: OK
/sources/mediabunny-encoders-cee57d1cdfd1776d515c081057b50eb337291e32.tar.gz: OK
emconfigure: ./configure --target-os=none --arch=x86_32 --enable-cross-compile --disable-asm --disable-x86asm --disable-inline-asm --disable-programs --disable-doc --disable-debug --disable-all --disable-everything --disable-autodetect --disable-pthreads --disable-runtime-cpudetect --enable-avcodec --enable-encoder=aac --cc=emcc --cxx=em++ --ar=emar --ranlib=emranlib '--extra-cflags=-DNDEBUG -Oz -flto -msimd128' '--extra-ldflags=-Oz -flto' in directory /build/ffmpeg
nm: /tmp/ffconf.cnPZ6a75/test.o: file format not recognized
install prefix            /usr/local
source path               .
C compiler                emcc
C library
host C compiler           gcc
host C library            glibc
ARCH                      c (generic)
big-endian                no
runtime cpu detection     no
debug symbols             no
strip symbols             yes
optimize for size         no
optimizations             yes
static                    yes
shared                    no
network support           no
threading support         no
safe bitstream reader     yes
texi2html enabled         no
perl enabled              yes
pod2man enabled           yes
makeinfo enabled          no
makeinfo supports HTML    no
experimental features     yes
xmllint enabled           no

External libraries:
iconv

External libraries providing hardware acceleration:

Libraries:
avcodec                 avutil

Programs:

Enabled decoders:

Enabled encoders:
aac

Enabled hwaccels:

Enabled parsers:

Enabled demuxers:

Enabled muxers:

Enabled protocols:

Enabled filters:

Enabled bsfs:

Enabled indevs:

Enabled outdevs:

License: LGPL version 2.1 or later

WARNING: pkg-config not found, library detection may fail.
WARNING: Threading support was disabled or is not available on the target platform. This means that not only is this build not multi-threaded, but also that the libraries from this build MUST NOT be used in a multi-threaded environment.
emmake: "make -j2" in "/build/ffmpeg"
GEN	libavutil/libavutil.version
GEN	libavcodec/libavcodec.version
CC	libavcodec/aaccoder.o
CC	libavcodec/aacenc.o
CC	libavcodec/aacenc_is.o
CC	libavcodec/aacenc_tns.o
CC	libavcodec/aacenctab.o
CC	libavcodec/aacpsy.o
CC	libavcodec/aactab.o
CC	libavcodec/ac3_parser.o
CC	libavcodec/adts_parser.o
CC	libavcodec/allcodecs.o
CC	libavcodec/audio_frame_queue.o
CC	libavcodec/avcodec.o
CC	libavcodec/avdct.o
CC	libavcodec/bitstream.o
CC	libavcodec/bitstream_filters.o
CC	libavcodec/bsf.o
CC	libavcodec/codec_desc.o
CC	libavcodec/codec_par.o
CC	libavcodec/d3d11va.o
CC	libavcodec/decode.o
CC	libavcodec/dirac.o
CC	libavcodec/dv_profile.o
CC	libavcodec/encode.o
CC	libavcodec/exif.o
CC	libavcodec/faandct.o
CC	libavcodec/faanidct.o
CC	libavcodec/fdctdsp.o
CC	libavcodec/get_buffer.o
CC	libavcodec/idctdsp.o
CC	libavcodec/imgconvert.o
CC	libavcodec/jfdctfst.o
CC	libavcodec/jfdctint.o
CC	libavcodec/jni.o
CC	libavcodec/jrevdct.o
CC	libavcodec/kbdwin.o
CC	libavcodec/lpc.o
CC	libavcodec/mathtables.o
CC	libavcodec/mediacodec.o
CC	libavcodec/mpeg12framerate.o
CC	libavcodec/mpeg4audio_sample_rates.o
CC	libavcodec/options.o
CC	libavcodec/packet.o
CC	libavcodec/parser.o
CC	libavcodec/parsers.o
CC	libavcodec/profiles.o
CC	libavcodec/psymodel.o
CC	libavcodec/qsv_api.o
CC	libavcodec/raw.o
CC	libavcodec/simple_idct.o
CC	libavcodec/sinewin.o
CC	libavcodec/threadprogress.o
CC	libavcodec/tiff_common.o
CC	libavcodec/utils.o
CC	libavcodec/version.o
CC	libavcodec/vlc.o
CC	libavcodec/vorbis_parser.o
CC	libavcodec/xiph.o
GEN	libavcodec/libavcodec.pc
CC	libavutil/adler32.o
CC	libavutil/aes.o
CC	libavutil/aes_ctr.o
CC	libavutil/ambient_viewing_environment.o
CC	libavutil/audio_fifo.o
CC	libavutil/avsscanf.o
CC	libavutil/avstring.o
CC	libavutil/base64.o
CC	libavutil/blowfish.o
CC	libavutil/bprint.o
CC	libavutil/buffer.o
CC	libavutil/camellia.o
CC	libavutil/cast5.o
CC	libavutil/channel_layout.o
CC	libavutil/container_fifo.o
CC	libavutil/cpu.o
CC	libavutil/crc.o
CC	libavutil/csp.o
CC	libavutil/des.o
CC	libavutil/detection_bbox.o
CC	libavutil/dict.o
CC	libavutil/display.o
CC	libavutil/dovi_meta.o
CC	libavutil/downmix_info.o
CC	libavutil/encryption_info.o
CC	libavutil/error.o
CC	libavutil/eval.o
CC	libavutil/executor.o
CC	libavutil/fifo.o
CC	libavutil/file.o
CC	libavutil/file_open.o
CC	libavutil/film_grain_params.o
CC	libavutil/fixed_dsp.o
CC	libavutil/float_dsp.o
CC	libavutil/float_scalarproduct.o
CC	libavutil/frame.o
CC	libavutil/hash.o
CC	libavutil/hdr_dynamic_metadata.o
CC	libavutil/hdr_dynamic_vivid_metadata.o
CC	libavutil/hmac.o
CC	libavutil/hwcontext.o
CC	libavutil/hwcontext_stub.o
CC	libavutil/iamf.o
CC	libavutil/imgutils.o
CC	libavutil/integer.o
CC	libavutil/intmath.o
CC	libavutil/lfg.o
CC	libavutil/lls.o
CC	libavutil/log.o
CC	libavutil/log2_tab.o
CC	libavutil/lzo.o
CC	libavutil/mastering_display_metadata.o
CC	libavutil/mathematics.o
CC	libavutil/md5.o
CC	libavutil/mem.o
CC	libavutil/murmur3.o
CC	libavutil/opt.o
CC	libavutil/parseutils.o
CC	libavutil/pixdesc.o
CC	libavutil/pixelutils.o
CC	libavutil/random_seed.o
CC	libavutil/rational.o
CC	libavutil/rc4.o
CC	libavutil/refstruct.o
CC	libavutil/reverse.o
CC	libavutil/ripemd.o
CC	libavutil/samplefmt.o
CC	libavutil/sha.o
CC	libavutil/sha512.o
CC	libavutil/side_data.o
CC	libavutil/slicethread.o
CC	libavutil/spherical.o
CC	libavutil/stereo3d.o
CC	libavutil/tdrdi.o
CC	libavutil/tea.o
CC	libavutil/threadmessage.o
CC	libavutil/time.o
CC	libavutil/timecode.o
CC	libavutil/timecode_internal.o
CC	libavutil/timestamp.o
CC	libavutil/tree.o
CC	libavutil/twofish.o
CC	libavutil/tx.o
CC	libavutil/tx_double.o
CC	libavutil/tx_float.o
CC	libavutil/tx_int32.o
CC	libavutil/utils.o
CC	libavutil/uuid.o
CC	libavutil/version.o
CC	libavutil/video_enc_params.o
CC	libavutil/video_hint.o
CC	libavutil/xga_font_data.o
CC	libavutil/xtea.o
GEN	libavutil/libavutil.pc
AR	libavcodec/libavcodec.a
AR	libavutil/libavutil.a
cache:INFO: generating system library: sysroot/lib/wasm32-emscripten/lto/libnoexit.a... (this will be cached in "/emsdk/upstream/emscripten/cache/sysroot/lib/wasm32-emscripten/lto/libnoexit.a" for subsequent builds)
system_libs:INFO: compiled 1 inputs in 0.12s
cache:INFO:  - ok
cache:INFO: generating system library: sysroot/lib/wasm32-emscripten/lto/libemmalloc.a... (this will be cached in "/emsdk/upstream/emscripten/cache/sysroot/lib/wasm32-emscripten/lto/libemmalloc.a" for subsequent builds)
system_libs:INFO: compiled 2 inputs in 0.21s
cache:INFO:  - ok
