cache:INFO: generating system library: sysroot/lib/wasm32-emscripten/lto/libGL-getprocaddr.a... (this will be cached in "/emsdk/upstream/emscripten/cache/sysroot/lib/wasm32-emscripten/lto/libGL-getprocaddr.a" for subsequent builds)
system_libs:INFO: compiled 4 inputs in 0.29s
cache:INFO:  - ok
cache:INFO: generating system library: sysroot/lib/wasm32-emscripten/lto/libal.a... (this will be cached in "/emsdk/upstream/emscripten/cache/sysroot/lib/wasm32-emscripten/lto/libal.a" for subsequent builds)
system_libs:INFO: compiled 1 inputs in 0.12s
cache:INFO:  - ok
cache:INFO: generating system library: sysroot/lib/wasm32-emscripten/lto/libhtml5.a... (this will be cached in "/emsdk/upstream/emscripten/cache/sysroot/lib/wasm32-emscripten/lto/libhtml5.a" for subsequent builds)
system_libs:INFO: compiled 5 inputs in 0.36s
cache:INFO:  - ok
cache:INFO: generating system library: sysroot/lib/wasm32-emscripten/lto/libc_optz.a... (this will be cached in "/emsdk/upstream/emscripten/cache/sysroot/lib/wasm32-emscripten/lto/libc_optz.a" for subsequent builds)
system_libs:INFO: compiled 7 inputs in 0.47s
cache:INFO:  - ok
cache:INFO: generating system library: sysroot/lib/wasm32-emscripten/lto/libstubs.a... (this will be cached in "/emsdk/upstream/emscripten/cache/sysroot/lib/wasm32-emscripten/lto/libstubs.a" for subsequent builds)
system_libs:INFO: compiled 2 inputs in 0.12s
cache:INFO:  - ok
cache:INFO: generating system library: sysroot/lib/wasm32-emscripten/lto/libnoexit.a... (this will be cached in "/emsdk/upstream/emscripten/cache/sysroot/lib/wasm32-emscripten/lto/libnoexit.a" for subsequent builds)
system_libs:INFO: compiled 1 inputs in 0.07s
cache:INFO:  - ok
cache:INFO: generating system library: sysroot/lib/wasm32-emscripten/lto/libc.a... (this will be cached in "/emsdk/upstream/emscripten/cache/sysroot/lib/wasm32-emscripten/lto/libc.a" for subsequent builds)
system_libs:INFO: compiled 1075 inputs in 6.67s
cache:INFO:  - ok
cache:INFO: generating system library: sysroot/lib/wasm32-emscripten/lto/libemmalloc.a... (this will be cached in "/emsdk/upstream/emscripten/cache/sysroot/lib/wasm32-emscripten/lto/libemmalloc.a" for subsequent builds)
system_libs:INFO: compiled 2 inputs in 0.17s
cache:INFO:  - ok
cache:INFO: generating system library: sysroot/lib/wasm32-emscripten/lto/libclang_rt.builtins.a... (this will be cached in "/emsdk/upstream/emscripten/cache/sysroot/lib/wasm32-emscripten/lto/libclang_rt.builtins.a" for subsequent builds)
system_libs:INFO: compiled 184 inputs in 1.50s
cache:INFO:  - ok
cache:INFO: generating system library: sysroot/lib/wasm32-emscripten/lto/libc++-noexcept.a... (this will be cached in "/emsdk/upstream/emscripten/cache/sysroot/lib/wasm32-emscripten/lto/libc++-noexcept.a" for subsequent builds)
system_libs:INFO: compiled 57 inputs in 10.11s
cache:INFO:  - ok
cache:INFO: generating system library: sysroot/lib/wasm32-emscripten/lto/libc++abi-noexcept.a... (this will be cached in "/emsdk/upstream/emscripten/cache/sysroot/lib/wasm32-emscripten/lto/libc++abi-noexcept.a" for subsequent builds)
system_libs:INFO: compiled 17 inputs in 1.19s
cache:INFO:  - ok
cache:INFO: generating system library: sysroot/lib/wasm32-emscripten/lto/libsockets.a... (this will be cached in "/emsdk/upstream/emscripten/cache/sysroot/lib/wasm32-emscripten/lto/libsockets.a" for subsequent builds)
system_libs:INFO: compiled 27 inputs in 0.45s
cache:INFO:  - ok
